-----------------------------------------------------------
Server listening on 5201 (test #1)
-----------------------------------------------------------
Accepted connection from 10.0.3.2, port 54338
[  6] local 10.0.11.2 port 5201 connected to 10.0.3.2 port 54346
[ ID] Interval           Transfer     Bitrate
[  6]   0.00-1.00   sec  6.00 MBytes  50.3 Mbits/sec                  
[  6]   1.00-2.00   sec  5.88 MBytes  49.2 Mbits/sec                  
[  6]   2.00-3.00   sec  6.00 MBytes  50.4 Mbits/sec                  
[  6]   3.00-4.00   sec  6.00 MBytes  50.4 Mbits/sec                  
[  6]   4.00-5.00   sec  5.88 MBytes  49.3 Mbits/sec                  
[  6]   5.00-6.00   sec  6.00 MBytes  50.4 Mbits/sec                  
[  6]   6.00-7.00   sec  6.00 MBytes  50.3 Mbits/sec                  
[  6]   7.00-8.00   sec  5.88 MBytes  49.3 Mbits/sec                  
[  6]   8.00-9.00   sec  6.00 MBytes  50.3 Mbits/sec                  
[  6]   9.00-10.00  sec  6.00 MBytes  50.4 Mbits/sec                  
[  6]  10.00-11.00  sec  6.00 MBytes  50.3 Mbits/sec                  
[  6]  11.00-12.00  sec  5.88 MBytes  49.3 Mbits/sec                  
[  6]  12.00-13.00  sec  6.00 MBytes  50.3 Mbits/sec                  
[  6]  13.00-14.00  sec  6.00 MBytes  50.3 Mbits/sec                  
[  6]  14.00-15.00  sec  5.88 MBytes  49.3 Mbits/sec                  
[  6]  15.00-16.00  sec  6.00 MBytes  50.3 Mbits/sec                  
[  6]  16.00-17.00  sec  6.00 MBytes  50.3 Mbits/sec                  
[  6]  17.00-18.00  sec  5.88 MBytes  49.3 Mbits/sec                  
[  6]  18.00-19.00  sec  6.00 MBytes  50.3 Mbits/sec                  
[  6]  19.00-20.00  sec  6.00 MBytes  50.4 Mbits/sec                  
[  6]  20.00-21.00  sec  5.88 MBytes  49.3 Mbits/sec                  
[  6]  21.00-22.00  sec  6.00 MBytes  50.3 Mbits/sec                  
[  6]  22.00-23.00  sec  6.00 MBytes  50.3 Mbits/sec                  
[  6]  23.00-24.00  sec  5.88 MBytes  49.3 Mbits/sec                  
[  6]  24.00-25.00  sec  6.00 MBytes  50.3 Mbits/sec                  
[  6]  25.00-26.00  sec  6.00 MBytes  50.3 Mbits/sec                  
[  6]  26.00-27.00  sec  5.88 MBytes  49.3 Mbits/sec                  
[  6]  27.00-28.00  sec  6.00 MBytes  50.3 Mbits/sec                  
[  6]  28.00-29.00  sec  6.00 MBytes  50.3 Mbits/sec                  
[  6]  29.00-30.00  sec  6.00 MBytes  50.3 Mbits/sec                  
- - - - - - - - - - - - - - - - - - - - - - - - -
[ ID] Interval           Transfer     Bitrate
[  6]   0.00-30.00  sec   179 MBytes  50.0 Mbits/sec                  receiver
-----------------------------------------------------------
Server listening on 5201 (test #2)
-----------------------------------------------------------
iperf3: interrupt - the server has terminated by signal Terminated(15)
