Connecting to host 10.0.11.2, port 5201
[  5] local 10.0.3.2 port 47462 connected to 10.0.11.2 port 5201
[ ID] Interval           Transfer     Bitrate         Retr  Cwnd
[  5]   0.00-1.00   sec  1.12 MBytes  9.43 Mbits/sec   81   1.41 KBytes       
[  5]   1.00-2.00   sec  0.00 Bytes  0.00 bits/sec   11   2.83 KBytes       
[  5]   2.00-3.00   sec   384 KBytes  3.15 Mbits/sec   33   2.83 KBytes       
[  5]   3.00-4.00   sec   256 KBytes  2.10 Mbits/sec   27   2.83 KBytes       
[  5]   4.00-5.00   sec   896 KBytes  7.34 Mbits/sec   70   1.41 KBytes       
[  5]   5.00-6.00   sec   128 KBytes  1.05 Mbits/sec   21   1.41 KBytes       
[  5]   6.00-7.00   sec   896 KBytes  7.34 Mbits/sec   57   2.83 KBytes       
[  5]   7.00-8.00   sec   256 KBytes  2.10 Mbits/sec   23   1.41 KBytes       
[  5]   8.00-9.00   sec   896 KBytes  7.34 Mbits/sec   62   1.41 KBytes       
[  5]   9.00-10.00  sec   512 KBytes  4.19 Mbits/sec   44   1.41 KBytes       
[  5]  10.00-11.00  sec   896 KBytes  7.33 Mbits/sec   56   1.41 KBytes       
[  5]  11.00-12.00  sec   256 KBytes  2.10 Mbits/sec   24   1.41 KBytes       
[  5]  12.00-13.00  sec  0.00 Bytes  0.00 bits/sec   13   1.41 KBytes       
[  5]  13.00-14.00  sec   640 KBytes  5.24 Mbits/sec   40   1.41 KBytes       
[  5]  14.00-15.00  sec   384 KBytes  3.15 Mbits/sec   40   1.41 KBytes       
[  5]  15.00-16.00  sec   384 KBytes  3.15 Mbits/sec   33   1.41 KBytes       
[  5]  16.00-17.00  sec  0.00 Bytes  0.00 bits/sec    2   1.41 KBytes       
[  5]  17.00-18.00  sec   512 KBytes  4.19 Mbits/sec   34   1.41 KBytes       
[  5]  18.00-19.00  sec   256 KBytes  2.10 Mbits/sec   30   1.41 KBytes       
[  5]  19.00-20.00  sec   384 KBytes  3.15 Mbits/sec   28   1.41 KBytes       
[  5]  20.00-21.00  sec   512 KBytes  4.19 Mbits/sec   38   1.41 KBytes       
[  5]  21.00-22.00  sec   128 KBytes  1.05 Mbits/sec   17   1.41 KBytes       
[  5]  22.00-23.00  sec   768 KBytes  6.29 Mbits/sec   65   1.41 KBytes       
[  5]  23.00-24.00  sec   384 KBytes  3.15 Mbits/sec   44   1.41 KBytes       
[  5]  24.00-25.00  sec   128 KBytes  1.05 Mbits/sec   20   1.41 KBytes       
[  5]  25.00-26.00  sec  1.00 MBytes  8.39 Mbits/sec   63   2.83 KBytes       
[  5]  26.00-27.00  sec   384 KBytes  3.15 Mbits/sec   35   1.41 KBytes       
[  5]  27.00-28.00  sec   256 KBytes  2.10 Mbits/sec   32   1.41 KBytes       
[  5]  28.00-29.00  sec   256 KBytes  2.10 Mbits/sec   25   1.41 KBytes       
[  5]  29.00-30.00  sec   384 KBytes  3.14 Mbits/sec   33   1.41 KBytes       
- - - - - - - - - - - - - - - - - - - - - - - - -
[ ID] Interval           Transfer     Bitrate         Retr
[  5]   0.00-30.00  sec  13.0 MBytes  3.63 Mbits/sec  1101            sender
[  5]   0.00-30.21  sec  12.9 MBytes  3.58 Mbits/sec                  receiver

iperf Done.
