Connecting to host 10.0.11.2, port 5201
[  5] local 10.0.3.2 port 41608 connected to 10.0.11.2 port 5201
[ ID] Interval           Transfer     Bitrate         Retr  Cwnd
[  5]   0.00-1.00   sec  2.25 MBytes  18.9 Mbits/sec  141   2.83 KBytes       
[  5]   1.00-2.00   sec   768 KBytes  6.29 Mbits/sec   42   1.41 KBytes       
[  5]   2.00-3.00   sec  0.00 Bytes  0.00 bits/sec   22   1.41 KBytes       
[  5]   3.00-4.00   sec   768 KBytes  6.29 Mbits/sec   54   8.48 KBytes       
[  5]   4.00-5.00   sec  2.00 MBytes  16.8 Mbits/sec  136   1.41 KBytes       
[  5]   5.00-6.00   sec  2.25 MBytes  18.9 Mbits/sec  176   8.48 KBytes       
[  5]   6.00-7.01   sec  1.75 MBytes  14.5 Mbits/sec   98   2.83 KBytes       
[  5]   7.01-8.01   sec   512 KBytes  4.22 Mbits/sec   35   2.83 KBytes       
[  5]   8.01-9.01   sec   256 KBytes  2.10 Mbits/sec   24   5.66 KBytes       
[  5]   9.01-10.00  sec   256 KBytes  2.11 Mbits/sec   32   2.83 KBytes       
[  5]  10.00-11.00  sec   512 KBytes  4.20 Mbits/sec   37   1.41 KBytes       
[  5]  11.00-12.00  sec   256 KBytes  2.10 Mbits/sec   28   1.41 KBytes       
[  5]  12.00-13.00  sec   768 KBytes  6.29 Mbits/sec   58   4.24 KBytes       
[  5]  13.00-14.00  sec  1.75 MBytes  14.7 Mbits/sec  135   1.41 KBytes       
[  5]  14.00-15.00  sec   512 KBytes  4.19 Mbits/sec   26   1.41 KBytes       
[  5]  15.00-16.00  sec  0.00 Bytes  0.00 bits/sec    8   1.41 KBytes       
[  5]  16.00-17.00  sec   256 KBytes  2.10 Mbits/sec   29   1.41 KBytes       
[  5]  17.00-18.02  sec   256 KBytes  2.06 Mbits/sec   25   2.83 KBytes       
[  5]  18.02-19.01  sec   256 KBytes  2.11 Mbits/sec   24   1.41 KBytes       
[  5]  19.01-20.00  sec  1.00 MBytes  8.48 Mbits/sec   75   2.83 KBytes       
[  5]  20.00-21.00  sec   256 KBytes  2.10 Mbits/sec   23   1.41 KBytes       
[  5]  21.00-22.00  sec   256 KBytes  2.10 Mbits/sec   27   2.83 KBytes       
[  5]  22.00-23.00  sec   256 KBytes  2.10 Mbits/sec   19   1.41 KBytes       
[  5]  23.00-24.00  sec   256 KBytes  2.10 Mbits/sec   24   2.83 KBytes       
[  5]  24.00-25.00  sec  1.00 MBytes  8.39 Mbits/sec   68   2.83 KBytes       
[  5]  25.00-26.00  sec  0.00 Bytes  0.00 bits/sec    6   1.41 KBytes       
[  5]  26.00-27.00  sec  0.00 Bytes  0.00 bits/sec    5   1.41 KBytes       
[  5]  27.00-28.00  sec   512 KBytes  4.19 Mbits/sec   51   2.83 KBytes       
[  5]  28.00-29.00  sec   512 KBytes  4.19 Mbits/sec   23   1.41 KBytes       
[  5]  29.00-30.00  sec  0.00 Bytes  0.00 bits/sec   13   2.83 KBytes       
- - - - - - - - - - - - - - - - - - - - - - - - -
[ ID] Interval           Transfer     Bitrate         Retr
[  5]   0.00-30.00  sec  19.2 MBytes  5.38 Mbits/sec  1464            sender
[  5]   0.00-30.01  sec  18.8 MBytes  5.24 Mbits/sec                  receiver

iperf Done.
